// Jest Snapshot v1, https://goo.gl/fbAQLP

exports[`components/app/js matches snapshot 1`] = `
<div>
  <p>
    I am rendered from React!!!!
  </p>
  <Connect(ChatWindow)
    room_id={0}
  />
</div>
`;
